
> medmanager-backend@1.0.0 build C:\Users\Clegivaldo\Desktop\MedManager-PRO2.0\api
> tsc

src/lib/prisma.ts(147,26): error TS2347: Untyped function calls may not accept type arguments.
ÔÇëELIFECYCLEÔÇë Command failed with exit code 2.
