
[7m[1m[36m RUN [39m[22m[27m [36mv1.6.1[39m [90mC:/Users/Clegivaldo/Desktop/MedManager-PRO2.0/api[39m

[90mstdout[2m | Object.mc (C:\Users\Clegivaldo\Desktop\MedManager-PRO2.0\api\node_modules\.pnpm\@prisma+client@5.22.0_prisma@5.22.0\node_modules\@prisma\client\runtime\library.js:21:432)[22m[39m
prisma:error 
Invalid `prisma.$executeRawUnsafe()` invocation:


Raw query failed. Code: `42P04`. Message: `database "tenant_12345678000195" already exists`

[90mstdout[2m | unknown test[22m[39m
2025-12-19 20:57:45 [[33mwarn[39m]: Database tenant_12345678000195 j├í existe (ok)

[90mstdout[2m | Object.mc (C:\Users\Clegivaldo\Desktop\MedManager-PRO2.0\api\node_modules\.pnpm\@prisma+client@5.22.0_prisma@5.22.0\node_modules\@prisma\client\runtime\library.js:21:432)[22m[39m
prisma:error 
Invalid `prisma.$executeRawUnsafe()` invocation:


Raw query failed. Code: `42710`. Message: `ERROR: role "user_12345678000195" already exists`

[90mstdout[2m | unknown test[22m[39m
2025-12-19 20:57:45 [[33mwarn[39m]: User user_12345678000195 j├í existe (ok)

[90mstdout[2m | unknown test[22m[39m
2025-12-19 20:57:45 [[32minfo[39m]: Tenant database pronto (reutilizado): tenant_12345678000195

[90mstdout[2m | unknown test[22m[39m
2025-12-19 20:57:47 [[32minfo[39m]: migrate stdout {"dbName":"tenant_12345678000195","data":"Environment variables loaded from .env\n"}
2025-12-19 20:57:47 [[32minfo[39m]: migrate stdout {"dbName":"tenant_12345678000195","data":"Prisma schema loaded from prisma\\schema.prisma\n"}
2025-12-19 20:57:47 [[32minfo[39m]: migrate stdout {"dbName":"tenant_12345678000195","data":"Datasource \"db\": PostgreSQL database \"tenant_12345678000195\", schema \"public\" at \"localhost:5432\"\n"}

[90mstdout[2m | unknown test[22m[39m
2025-12-19 20:57:47 [[32minfo[39m]: migrate stdout {"dbName":"tenant_12345678000195","data":"\n"}
2025-12-19 20:57:47 [[32minfo[39m]: migrate stdout {"dbName":"tenant_12345678000195","data":"12 migrations found in prisma/migrations\n\n"}

[90mstdout[2m | unknown test[22m[39m
2025-12-19 20:57:47 [[32minfo[39m]: migrate stdout {"dbName":"tenant_12345678000195","data":"\n"}

[90mstdout[2m | unknown test[22m[39m
2025-12-19 20:57:47 [[32minfo[39m]: migrate stdout {"dbName":"tenant_12345678000195","data":"No pending migrations to apply.\n"}

[90mstdout[2m | unknown test[22m[39m
2025-12-19 20:57:47 [[32minfo[39m]: Migrations applied {"dbName":"tenant_12345678000195"}
2025-12-19 20:57:47 [[32minfo[39m]: Created new Prisma client for tenant database: tenant_12345678000195

[90mstdout[2m | Object.mc (C:\Users\Clegivaldo\Desktop\MedManager-PRO2.0\api\node_modules\.pnpm\@prisma+client@5.22.0_prisma@5.22.0\node_modules\@prisma\client\runtime\library.js:21:432)[22m[39m
prisma:error 
Invalid `prisma.$executeRawUnsafe()` invocation:


Raw query failed. Code: `42P04`. Message: `database "tenant_12345678000155" already exists`

[90mstdout[2m | unknown test[22m[39m
2025-12-19 20:57:48 [[33mwarn[39m]: Database tenant_12345678000155 j├í existe (ok)

[90mstdout[2m | Object.mc (C:\Users\Clegivaldo\Desktop\MedManager-PRO2.0\api\node_modules\.pnpm\@prisma+client@5.22.0_prisma@5.22.0\node_modules\@prisma\client\runtime\library.js:21:432)[22m[39m
prisma:error 
Invalid `prisma.$executeRawUnsafe()` invocation:


Raw query failed. Code: `42710`. Message: `ERROR: role "user_12345678000155" already exists`

[90mstdout[2m | unknown test[22m[39m
2025-12-19 20:57:48 [[33mwarn[39m]: User user_12345678000155 j├í existe (ok)

[90mstdout[2m | unknown test[22m[39m
2025-12-19 20:57:48 [[32minfo[39m]: Tenant database pronto (reutilizado): tenant_12345678000155

[90mstdout[2m | unknown test[22m[39m
2025-12-19 20:57:51 [[32minfo[39m]: migrate stdout {"dbName":"tenant_12345678000155","data":"Environment variables loaded from .env\n"}
2025-12-19 20:57:51 [[32minfo[39m]: migrate stdout {"dbName":"tenant_12345678000155","data":"Prisma schema loaded from prisma\\schema.prisma\n"}
2025-12-19 20:57:51 [[32minfo[39m]: migrate stdout {"dbName":"tenant_12345678000155","data":"Datasource \"db\": PostgreSQL database \"tenant_12345678000155\", schema \"public\" at \"localhost:5432\"\n"}

[90mstdout[2m | unknown test[22m[39m
2025-12-19 20:57:51 [[32minfo[39m]: migrate stdout {"dbName":"tenant_12345678000155","data":"\n"}
2025-12-19 20:57:51 [[32minfo[39m]: migrate stdout {"dbName":"tenant_12345678000155","data":"12 migrations found in prisma/migrations\n\n"}

[90mstdout[2m | unknown test[22m[39m
2025-12-19 20:57:51 [[32minfo[39m]: migrate stdout {"dbName":"tenant_12345678000155","data":"\n"}

[90mstdout[2m | unknown test[22m[39m
2025-12-19 20:57:51 [[32minfo[39m]: migrate stdout {"dbName":"tenant_12345678000155","data":"No pending migrations to apply.\n"}

[90mstdout[2m | unknown test[22m[39m
2025-12-19 20:57:51 [[32minfo[39m]: Migrations applied {"dbName":"tenant_12345678000155"}
2025-12-19 20:57:51 [[32minfo[39m]: Created new Prisma client for tenant database: tenant_12345678000155

[90mstdout[2m | unknown test[22m[39m
2025-12-19 20:57:51 [[32minfo[39m]: Seed conclu├¡do {"tenants":2}

node.exe : [90mstderr[2m | 
src/tests/payment.service.test.ts[2m > 
[22m[2mPaymentService[2m > [22m[2msyncChargeStatus[2m 
> [22m[2mshould extend subscription if status changes to 
confirmed[22m[39m
No C:\Program Files\nodejs\npx.ps1:29 caractere:3
+   & $NODE_EXE $NPX_CLI_JS $args
+   ~~~~~~~~~~~~~~~~~~~~~~~~~~~~~
    + CategoryInfo          : NotSpecified: ([90mstderr[2m 
   ...irmed[22m[39m:String) [], RemoteException
    + FullyQualifiedErrorId : NativeCommandError
 
Erro ao sincronizar cobran├ºa ext-1: TypeError: Cannot read 
properties of undefined (reading 'status')
    at PaymentService.syncChargeStatus [90m(C:\Users\Clegiva
ldo\Desktop\MedManager-PRO2.0\api\[39msrc\services\payment\p
ayment.service.ts:128:28[90m)[39m
    at [90mC:\Users\Clegivaldo\Desktop\MedManager-PRO2.0\api
\[39msrc\tests\payment.service.test.ts:150:13
    at runTest [90m(file:///C:/Users/Clegivaldo/Desktop/MedM
anager-PRO2.0/api/[39mnode_modules/[4m.pnpm[24m/@vitest+ru
nner@1.6.1/node_modules/[4m@vitest[24m/runner/dist/index.js
:781:11[90m)[39m
    at runSuite [90m(file:///C:/Users/Clegivaldo/Desktop/Med
Manager-PRO2.0/api/[39mnode_modules/[4m.pnpm[24m/@vitest+r
unner@1.6.1/node_modules/[4m@vitest[24m/runner/dist/index.j
s:909:15[90m)[39m
    at runSuite [90m(file:///C:/Users/Clegivaldo/Desktop/Med
Manager-PRO2.0/api/[39mnode_modules/[4m.pnpm[24m/@vitest+r
unner@1.6.1/node_modules/[4m@vitest[24m/runner/dist/index.j
s:909:15[90m)[39m
    at runSuite [90m(file:///C:/Users/Clegivaldo/Desktop/Med
Manager-PRO2.0/api/[39mnode_modules/[4m.pnpm[24m/@vitest+r
unner@1.6.1/node_modules/[4m@vitest[24m/runner/dist/index.j
s:909:15[90m)[39m
    at runFiles [90m(file:///C:/Users/Clegivaldo/Desktop/Med
Manager-PRO2.0/api/[39mnode_modules/[4m.pnpm[24m/@vitest+r
unner@1.6.1/node_modules/[4m@vitest[24m/runner/dist/index.j
s:958:5[90m)[39m
    at startTests [90m(file:///C:/Users/Clegivaldo/Desktop/M
edManager-PRO2.0/api/[39mnode_modules/[4m.pnpm[24m/@vitest
+runner@1.6.1/node_modules/[4m@vitest[24m/runner/dist/index
.js:967:3[90m)[39m
    at [90mfile:///C:/Users/Clegivaldo/Desktop/MedManager-PR
O2.0/api/[39mnode_modules/[4m.pnpm[24m/vitest@1.6.1_@types
+node@20.19.25/node_modules/[4mvitest[24m/dist/chunks/runti
me-runBaseTests.oAvMKtQC.js:116:7
    at withEnv [90m(file:///C:/Users/Clegivaldo/Desktop/MedM
anager-PRO2.0/api/[39mnode_modules/[4m.pnpm[24m/vitest@1.6
.1_@types+node@20.19.25/node_modules/[4mvitest[24m/dist/chu
nks/runtime-runBaseTests.oAvMKtQC.js:83:5[90m)[39m

 [33mÔØ»[39m src/tests/payment.service.test.ts [2m ([22m[2m5 tests[22m [2m|[22m [31m4 failed[39m[2m)[22m[90m 20[2mms[22m[39m
[31m   [33mÔØ»[31m src/tests/payment.service.test.ts[2m > [22mPaymentService[2m > [22mcreateCharge[2m > [22mshould create a charge using Asaas by default[39m
[31m     ÔåÆ Cannot read properties of undefined (reading 'id')[39m
[31m   [33mÔØ»[31m src/tests/payment.service.test.ts[2m > [22mPaymentService[2m > [22mcreateCharge[2m > [22mshould create a charge using InfinityPay if configured[39m
[31m     ÔåÆ Cannot read properties of undefined (reading 'id')[39m
[31m   [33mÔØ»[31m src/tests/payment.service.test.ts[2m > [22mPaymentService[2m > [22msyncChargeStatus[2m > [22mshould extend subscription if status changes to confirmed[39m
[31m     ÔåÆ Cannot read properties of undefined (reading 'status')[39m
[31m   [33mÔØ»[31m src/tests/payment.service.test.ts[2m > [22mPaymentService[2m > [22mcancelCharge[2m > [22mshould cancel an existing pending charge[39m
[31m     ÔåÆ expected "spy" to be called with arguments: [ 'ext-1' ][90m

Received: 

[31m[90m

Number of calls: [1m0[22m
[31m[39m

[31mÔÄ»ÔÄ»ÔÄ»ÔÄ»ÔÄ»ÔÄ»ÔÄ»[1m[7m Failed Tests 4 
[27m[22mÔÄ»ÔÄ»ÔÄ»ÔÄ»ÔÄ»ÔÄ»ÔÄ»[39m

[31m[1m[7m FAIL [27m[22m[39m 
src/tests/payment.service.test.ts[2m > 
[22mPaymentService[2m > [22mcreateCharge[2m > 
[22mshould create a charge using Asaas by default
[31m[1mTypeError[22m: Cannot read properties of undefined 
(reading 'id')[39m
[36m [2mÔØ»[22m PaymentService.createCharge 
src/services/payment/payment.service.ts:[2m88:49[22m[39m
    [90m 86| [39m                paymentMethod[33m:[39m p
arams[33m.[39mpaymentMethod[33m.[39m[34mtoLowerCase[39m
()[33m,[39m
    [90m 87| [39m                gateway[33m:[39m 
providerName[33m,[39m
    [90m 88| [39m                
gatewayChargeId[33m:[39m 
chargeResponse[33m.[39mid[33m,[39m
    [90m   | [39m                                          
      [31m^[39m
    [90m 89| [39m                status[33m:[39m 
chargeResponse[33m.[39mstatus[33m,[39m
    [90m 90| [39m                dueDate[33m:[39m 
[35mnew[39m 
[33mDate[39m(chargeResponse[33m.[39mdueDate)[33m,[39m
[90m [2mÔØ»[22m 
src/tests/payment.service.test.ts:[2m91:13[22m[39m

[31m[2mÔÄ»ÔÄ»ÔÄ»ÔÄ»ÔÄ»ÔÄ»ÔÄ»ÔÄ»ÔÄ»ÔÄ»ÔÄ»ÔÄ»ÔÄ»ÔÄ»ÔÄ»ÔÄ»ÔÄ»Ô
Ä»ÔÄ»ÔÄ»ÔÄ»ÔÄ»ÔÄ»ÔÄ»[1/4]ÔÄ»[22m[39m

[31m[1m[7m FAIL [27m[22m[39m 
src/tests/payment.service.test.ts[2m > 
[22mPaymentService[2m > [22mcreateCharge[2m > 
[22mshould create a charge using InfinityPay if configured
[31m[1mTypeError[22m: Cannot read properties of undefined 
(reading 'id')[39m
[36m [2mÔØ»[22m PaymentService.createCharge 
src/services/payment/payment.service.ts:[2m88:49[22m[39m
    [90m 86| [39m                paymentMethod[33m:[39m p
arams[33m.[39mpaymentMethod[33m.[39m[34mtoLowerCase[39m
()[33m,[39m
    [90m 87| [39m                gateway[33m:[39m 
providerName[33m,[39m
    [90m 88| [39m                
gatewayChargeId[33m:[39m 
chargeResponse[33m.[39mid[33m,[39m
    [90m   | [39m                                          
      [31m^[39m
    [90m 89| [39m                status[33m:[39m 
chargeResponse[33m.[39mstatus[33m,[39m
    [90m 90| [39m                dueDate[33m:[39m 
[35mnew[39m 
[33mDate[39m(chargeResponse[33m.[39mdueDate)[33m,[39m
[90m [2mÔØ»[22m 
src/tests/payment.service.test.ts:[2m119:13[22m[39m

[31m[2mÔÄ»ÔÄ»ÔÄ»ÔÄ»ÔÄ»ÔÄ»ÔÄ»ÔÄ»ÔÄ»ÔÄ»ÔÄ»ÔÄ»ÔÄ»ÔÄ»ÔÄ»ÔÄ»ÔÄ»Ô
Ä»ÔÄ»ÔÄ»ÔÄ»ÔÄ»ÔÄ»ÔÄ»[2/4]ÔÄ»[22m[39m

[31m[1m[7m FAIL [27m[22m[39m 
src/tests/payment.service.test.ts[2m > 
[22mPaymentService[2m > [22msyncChargeStatus[2m > 
[22mshould extend subscription if status changes to 
confirmed
[31m[1mTypeError[22m: Cannot read properties of undefined 
(reading 'status')[39m
[36m [2mÔØ»[22m PaymentService.syncChargeStatus 
src/services/payment/payment.service.ts:[2m128:28[22m[39m
    [90m126| [39m            [35mconst[39m statusData 
[33m=[39m [35mawait[39m 
gateway[33m.[39m[34mgetChargeStatus[39m(gatewayChÔÇª
    [90m127| [39m
    [90m128| [39m            [35mif[39m 
(statusData[33m.[39mstatus [33m!==[39m 
payment[33m.[39mstatus) {
    [90m   | [39m                           [31m^[39m
    [90m129| [39m                [35mconst[39m updated 
[33m=[39m [35mawait[39m [35mthis[39m[33m.[39mprisma[
33m.[39mpayment[33m.[39m[34mupdate[39m({
    [90m130| [39m                    where[33m:[39m { 
id[33m:[39m payment[33m.[39mid }[33m,[39m
[90m [2mÔØ»[22m 
src/tests/payment.service.test.ts:[2m150:13[22m[39m

[31m[2mÔÄ»ÔÄ»ÔÄ»ÔÄ»ÔÄ»ÔÄ»ÔÄ»ÔÄ»ÔÄ»ÔÄ»ÔÄ»ÔÄ»ÔÄ»ÔÄ»ÔÄ»ÔÄ»ÔÄ»Ô
Ä»ÔÄ»ÔÄ»ÔÄ»ÔÄ»ÔÄ»ÔÄ»[3/4]ÔÄ»[22m[39m

[31m[1m[7m FAIL [27m[22m[39m 
src/tests/payment.service.test.ts[2m > 
[22mPaymentService[2m > [22mcancelCharge[2m > 
[22mshould cancel an existing pending charge
[31m[1mAssertionError[22m: expected "spy" to be called 
with arguments: [ 'ext-1' ][90m

Received: 

[31m[90m

Number of calls: [1m0[22m
[31m[39m
[36m [2mÔØ»[22m 
src/tests/payment.service.test.ts:[2m176:44[22m[39m
    [90m174| [39m            [35mconst[39m result 
[33m=[39m [35mawait[39m paymentService[33m.[39m[34mcan
celCharge[39m([32m'ext-1'[39m)[33m;[39m
    [90m175| [39m
    [90m176| [39m            [34mexpect[39m(mockAsaas[33
m.[39mcancelCharge)[33m.[39m[34mtoHaveBeenCalledWith[39m
([32m'ext-1[39mÔÇª
    [90m   | [39m                                          
 [31m^[39m
    [90m177| [39m            [34mexpect[39m(mockPrisma[3
3m.[39mpayment[33m.[39mupdate)[33m.[39m[34mtoHaveBeenCa
lledWith[39m(expÔÇª
    [90m178| [39m                data[33m:[39m 
expect[33m.[39m[34mobjectContaining[39m({ 
status[33m:[39m [32m'cancelled'[39m })

[31m[2mÔÄ»ÔÄ»ÔÄ»ÔÄ»ÔÄ»ÔÄ»ÔÄ»ÔÄ»ÔÄ»ÔÄ»ÔÄ»ÔÄ»ÔÄ»ÔÄ»ÔÄ»ÔÄ»ÔÄ»Ô
Ä»ÔÄ»ÔÄ»ÔÄ»ÔÄ»ÔÄ»ÔÄ»[4/4]ÔÄ»[22m[39m

[2m Test Files [22m [1m[31m1 failed[39m[22m[90m (1)[39m
[2m      Tests [22m [1m[31m4 failed[39m[22m[2m | [22m[1m[32m1 passed[39m[22m[90m (5)[39m
[2m   Start at [22m 20:57:43
[2m   Duration [22m 8.48s[2m (transform 203ms, setup 6.99s, collect 74ms, tests 20ms, environment 0ms, prepare 803ms)[22m

